text1
<link rel="stylesheet" href="src/css/index.css?123"/>
text2
<script src="src/js/file1_123.js"></script>
<script src="src/js/file2_123.js"></script>
text3
<script src="file1_557f44c66d.js"></script>
<script src="src/js/file1.js?557f44c66d"></script>
<script src="src/js/file1-557f44c66d-cached.js"></script>
<link rel="stylesheet" href="not-existing-file.js"/>